// Jest Snapshot v1, https://goo.gl/fbAQLP

exports[`AddCard renders without crashing 1`] = `
<View
  keyboardVerticalOffset={0}
  onLayout={[Function]}
  style={
    Array [
      Object {
        "alignItems": "center",
        "flex": 1,
        "justifyContent": "flex-start",
        "margin": 10,
      },
      Object {
        "paddingBottom": 0,
      },
    ]
  }
>
  <TextInput
    onChangeText={[Function]}
    placeholder="Enter question"
    required={true}
    style={
      Array [
        Object {
          "alignSelf": "stretch",
          "borderColor": "black",
          "borderRadius": 5,
          "borderWidth": 2,
          "fontSize": 16,
          "marginBottom": 10,
          "padding": 10,
        },
        Object {
          "marginBottom": 15,
          "marginLeft": 20,
          "marginRight": 20,
          "marginTop": 30,
        },
      ]
    }
    value=""
  />
  <TextInput
    onChangeText={[Function]}
    placeholder="Enter answer"
    required={true}
    style={
      Array [
        Object {
          "alignSelf": "stretch",
          "borderColor": "black",
          "borderRadius": 5,
          "borderWidth": 2,
          "fontSize": 16,
          "marginBottom": 10,
          "padding": 10,
        },
        Object {
          "marginBottom": 15,
          "marginLeft": 20,
          "marginRight": 20,
          "marginTop": 30,
        },
      ]
    }
    value=""
  />
  <View
    style={
      Object {
        "marginBottom": 10,
        "marginLeft": 20,
        "marginRight": 20,
        "marginTop": 40,
      }
    }
  >
    <View
      accessibilityComponentType={undefined}
      accessibilityLabel={undefined}
      accessibilityTraits={undefined}
      accessible={true}
      collapsable={undefined}
      hitSlop={undefined}
      isTVSelectable={true}
      nativeID={undefined}
      onLayout={undefined}
      onResponderGrant={[Function]}
      onResponderMove={[Function]}
      onResponderRelease={[Function]}
      onResponderTerminate={[Function]}
      onResponderTerminationRequest={[Function]}
      onStartShouldSetResponder={[Function]}
      style={
        Object {
          "opacity": 1,
        }
      }
      testID={undefined}
      tvParallaxProperties={undefined}
    >
      <View
        style={
          Array [
            Object {
              "backgroundColor": "black",
              "borderColor": "black",
              "borderRadius": 5,
              "borderWidth": 2,
              "padding": 20,
              "paddingLeft": 40,
              "paddingRight": 40,
            },
            undefined,
          ]
        }
      >
        <Text
          accessible={true}
          allowFontScaling={true}
          disabled={false}
          ellipsizeMode="tail"
          style={
            Array [
              Object {
                "color": "white",
                "fontSize": 20,
                "textAlign": "center",
              },
              undefined,
            ]
          }
        >
          Submit
        </Text>
      </View>
    </View>
  </View>
</View>
`;
