// Jest Snapshot v1, https://goo.gl/fbAQLP

exports[`Quiz renders without crashing 1`] = `
<View
  style={
    Object {
      "flex": 1,
      "justifyContent": "flex-start",
    }
  }
>
  <View
    style={
      Object {
        "flex": 1,
        "justifyContent": "flex-start",
      }
    }
  >
    <View
      style={
        Object {
          "alignSelf": "center",
          "flex": 1,
          "justifyContent": "center",
          "padding": 10,
        }
      }
    >
      <Text
        accessible={true}
        allowFontScaling={true}
        disabled={false}
        ellipsizeMode="tail"
        style={
          Object {
            "alignSelf": "center",
            "color": "black",
            "fontSize": 16,
            "paddingBottom": 20,
            "paddingTop": 20,
          }
        }
      >
        You have completed the quiz!
      </Text>
      <Text
        accessible={true}
        allowFontScaling={true}
        disabled={false}
        ellipsizeMode="tail"
        style={
          Object {
            "alignSelf": "center",
            "color": "black",
            "fontSize": 16,
            "paddingBottom": 20,
            "paddingTop": 20,
          }
        }
      >
        You scored 
        0
        /
        0
         questions correctly!
      </Text>
    </View>
    <View
      style={
        Object {
          "flex": 1,
          "justifyContent": "center",
          "padding": 10,
        }
      }
    >
      <View
        style={
          Object {
            "marginBottom": 10,
            "marginLeft": 40,
            "marginRight": 40,
            "marginTop": 10,
          }
        }
      >
        <View
          accessibilityComponentType={undefined}
          accessibilityLabel={undefined}
          accessibilityTraits={undefined}
          accessible={true}
          collapsable={undefined}
          hitSlop={undefined}
          isTVSelectable={true}
          nativeID={undefined}
          onLayout={undefined}
          onResponderGrant={[Function]}
          onResponderMove={[Function]}
          onResponderRelease={[Function]}
          onResponderTerminate={[Function]}
          onResponderTerminationRequest={[Function]}
          onStartShouldSetResponder={[Function]}
          style={
            Object {
              "opacity": 1,
            }
          }
          testID={undefined}
          tvParallaxProperties={undefined}
        >
          <View
            style={
              Array [
                Object {
                  "backgroundColor": "black",
                  "borderColor": "black",
                  "borderRadius": 5,
                  "borderWidth": 2,
                  "padding": 20,
                  "paddingLeft": 40,
                  "paddingRight": 40,
                },
                undefined,
              ]
            }
          >
            <Text
              accessible={true}
              allowFontScaling={true}
              disabled={false}
              ellipsizeMode="tail"
              style={
                Array [
                  Object {
                    "color": "white",
                    "fontSize": 20,
                    "textAlign": "center",
                  },
                  undefined,
                ]
              }
            >
              Retry Quiz
            </Text>
          </View>
        </View>
      </View>
      <View
        style={
          Object {
            "marginBottom": 10,
            "marginLeft": 40,
            "marginRight": 40,
            "marginTop": 10,
          }
        }
      >
        <View
          accessibilityComponentType={undefined}
          accessibilityLabel={undefined}
          accessibilityTraits={undefined}
          accessible={true}
          collapsable={undefined}
          hitSlop={undefined}
          isTVSelectable={true}
          nativeID={undefined}
          onLayout={undefined}
          onResponderGrant={[Function]}
          onResponderMove={[Function]}
          onResponderRelease={[Function]}
          onResponderTerminate={[Function]}
          onResponderTerminationRequest={[Function]}
          onStartShouldSetResponder={[Function]}
          style={
            Object {
              "opacity": 1,
            }
          }
          testID={undefined}
          tvParallaxProperties={undefined}
        >
          <View
            style={
              Array [
                Object {
                  "backgroundColor": "black",
                  "borderColor": "black",
                  "borderRadius": 5,
                  "borderWidth": 2,
                  "padding": 20,
                  "paddingLeft": 40,
                  "paddingRight": 40,
                },
                undefined,
              ]
            }
          >
            <Text
              accessible={true}
              allowFontScaling={true}
              disabled={false}
              ellipsizeMode="tail"
              style={
                Array [
                  Object {
                    "color": "white",
                    "fontSize": 20,
                    "textAlign": "center",
                  },
                  undefined,
                ]
              }
            >
              Back to Deck
            </Text>
          </View>
        </View>
      </View>
    </View>
  </View>
</View>
`;
