// Jest Snapshot v1, https://goo.gl/fbAQLP

exports[`App renders without crashing 1`] = `
<View
  style={
    Object {
      "backgroundColor": "#fff",
      "flex": 1,
      "justifyContent": "flex-start",
      "marginTop": 20,
    }
  }
>
  <View
    loaded={
      Array [
        0,
      ]
    }
    onLayout={[Function]}
    style={
      Array [
        Object {
          "flex": 1,
          "overflow": "hidden",
        },
        Object {
          "flex": 1,
        },
      ]
    }
  >
    <View
      collapsable={undefined}
      style={undefined}
    >
      <View
        onLayout={[Function]}
        style={
          Object {
            "backgroundColor": "#F7F7F7",
            "borderTopColor": "rgba(0, 0, 0, .3)",
            "borderTopWidth": 0.5,
            "flexDirection": "row",
            "height": 49,
            "paddingBottom": 0,
            "paddingLeft": 0,
            "paddingRight": 0,
            "paddingTop": 0,
          }
        }
      >
        <View
          accessibilityComponentType={undefined}
          accessibilityLabel={undefined}
          accessibilityTraits={undefined}
          accessible={true}
          collapsable={undefined}
          hitSlop={undefined}
          nativeID={undefined}
          onLayout={undefined}
          onResponderGrant={[Function]}
          onResponderMove={[Function]}
          onResponderRelease={[Function]}
          onResponderTerminate={[Function]}
          onResponderTerminationRequest={[Function]}
          onStartShouldSetResponder={[Function]}
          style={
            Object {
              "alignItems": "center",
              "backgroundColor": "rgba(0, 0, 0, 0)",
              "flex": 1,
              "justifyContent": "flex-end",
            }
          }
          testID={undefined}
        >
          <View
            style={
              Object {
                "flexGrow": 1,
              }
            }
          >
            <View
              collapsable={undefined}
              style={
                Object {
                  "alignItems": "center",
                  "bottom": 0,
                  "justifyContent": "center",
                  "left": 0,
                  "opacity": 1,
                  "position": "absolute",
                  "right": 0,
                  "top": 0,
                }
              }
            >
              <Text
                accessible={true}
                allowFontScaling={true}
                disabled={false}
                ellipsizeMode="tail"
              />
            </View>
            <View
              collapsable={undefined}
              style={
                Object {
                  "alignItems": "center",
                  "bottom": 0,
                  "justifyContent": "center",
                  "left": 0,
                  "opacity": 0,
                  "position": "absolute",
                  "right": 0,
                  "top": 0,
                }
              }
            >
              <Text
                accessible={true}
                allowFontScaling={true}
                disabled={false}
                ellipsizeMode="tail"
              />
            </View>
          </View>
          <Text
            accessible={true}
            allowFontScaling={true}
            collapsable={undefined}
            disabled={false}
            ellipsizeMode="tail"
            style={
              Object {
                "backgroundColor": "transparent",
                "color": "rgba(52, 120, 246, 1)",
                "fontSize": 10,
                "marginBottom": 1.5,
                "marginLeft": 0,
                "marginTop": 0,
                "textAlign": "center",
              }
            }
          >
            DECKS
          </Text>
        </View>
        <View
          accessibilityComponentType={undefined}
          accessibilityLabel={undefined}
          accessibilityTraits={undefined}
          accessible={true}
          collapsable={undefined}
          hitSlop={undefined}
          nativeID={undefined}
          onLayout={undefined}
          onResponderGrant={[Function]}
          onResponderMove={[Function]}
          onResponderRelease={[Function]}
          onResponderTerminate={[Function]}
          onResponderTerminationRequest={[Function]}
          onStartShouldSetResponder={[Function]}
          style={
            Object {
              "alignItems": "center",
              "backgroundColor": "rgba(0, 0, 0, 0)",
              "flex": 1,
              "justifyContent": "flex-end",
            }
          }
          testID={undefined}
        >
          <View
            style={
              Object {
                "flexGrow": 1,
              }
            }
          >
            <View
              collapsable={undefined}
              style={
                Object {
                  "alignItems": "center",
                  "bottom": 0,
                  "justifyContent": "center",
                  "left": 0,
                  "opacity": 0,
                  "position": "absolute",
                  "right": 0,
                  "top": 0,
                }
              }
            >
              <Text
                accessible={true}
                allowFontScaling={true}
                disabled={false}
                ellipsizeMode="tail"
              />
            </View>
            <View
              collapsable={undefined}
              style={
                Object {
                  "alignItems": "center",
                  "bottom": 0,
                  "justifyContent": "center",
                  "left": 0,
                  "opacity": 1,
                  "position": "absolute",
                  "right": 0,
                  "top": 0,
                }
              }
            >
              <Text
                accessible={true}
                allowFontScaling={true}
                disabled={false}
                ellipsizeMode="tail"
              />
            </View>
          </View>
          <Text
            accessible={true}
            allowFontScaling={true}
            collapsable={undefined}
            disabled={false}
            ellipsizeMode="tail"
            style={
              Object {
                "backgroundColor": "transparent",
                "color": "rgba(146, 146, 146, 1)",
                "fontSize": 10,
                "marginBottom": 1.5,
                "marginLeft": 0,
                "marginTop": 0,
                "textAlign": "center",
              }
            }
          >
            NEW DECK
          </Text>
        </View>
      </View>
    </View>
  </View>
</View>
`;
